<?xml version="1.0" encoding="UTF-8"?>
<!DOCTYPE html
  PUBLIC "-//W3C//DTD XHTML 1.0 Transitional//EN" "http://www.w3.org/TR/xhtml1/DTD/xhtml1-transitional.dtd">
<html lang="en-us" xml:lang="en-us">
<head>
<meta http-equiv="Content-Type" content="text/html; charset=utf-8"/>
<meta name="copyright" content="(C) Copyright 2005"/>
<meta name="DC.rights.owner" content="(C) Copyright 2005"/>
<meta name="DC.Type" content="concept"/>
<meta name="DC.Title" content="Section 1.3"/>
<meta name="abstract" content="Section 1.3"/>
<meta name="description" content="Section 1.3"/>
<meta name="DC.Relation" scheme="URI" content="sec1.html"/>
<meta name="DC.Relation" scheme="URI" content="subdir/sec1.2.html"/>
<meta name="DC.Relation" scheme="URI" content="index.html"/>
<meta name="DC.Relation" scheme="URI" content="sec1.html"/>
<meta name="DC.Format" content="XHTML"/>
<meta name="DC.Identifier" content="sec1.3"/>
<meta name="DC.Language" content="en-us"/>
<link rel="stylesheet" type="text/css" href="commonltr.css"/>
<title>Section 1.3</title>
</head>
<body id="sec1.3"><a name="sec1.3"><!-- --></a>

<div class="breadcrumb"><a href="index.html" title="Index">Index</a> &gt; <a href="sec1.html" title="Section 1">Section 1</a> &gt; </div>


<h1 class="topictitle1">Section 1.3</h1>


<div><p>Section 1.3</p>
</div>

<div>
<div class="familylinks">
<div class="parentlink"><strong>Parent topic:</strong> <a href="sec1.html" title="Section 1">Section 1</a></div>
<div class="previouslink"><strong>Previous topic:</strong> <a href="subdir/sec1.2.html" title="Section 1.2">Section 1.2</a></div>
</div>
</div>

</body>
</html>